// Jest Snapshot v1, https://goo.gl/fbAQLP

exports[`<Footer /> should render correctly 1`] = `
.c0 {
  padding: 16px;
  text-align: center;
}

<footer
  class="c0"
>
  Â© 2020
</footer>
`
