// Jest Snapshot v1, https://goo.gl/fbAQLP

exports[`<Header /> should render correctly 1`] = `
.c0 {
  -webkit-box-flex: 1;
  -webkit-flex-grow: 1;
  -ms-flex-positive: 1;
  flex-grow: 1;
}

.c3 {
  margin-right: 16px;
}

.c1 {
  -webkit-box-pack: justify;
  -webkit-justify-content: space-between;
  -ms-flex-pack: justify;
  justify-content: space-between;
}

.c2 {
  display: -webkit-box;
  display: -webkit-flex;
  display: -ms-flexbox;
  display: flex;
  -webkit-align-items: center;
  -webkit-box-align: center;
  -ms-flex-align: center;
  align-items: center;
}

.c4 {
  display: none;
}

.c5 {
  width: 100%;
  margin-left: 0;
  margin-right: 16px;
  position: relative;
  background-color: rgba(255,255,255,0.15);
  border-radius: 4px;
}

.c5:hover {
  background-color: rgba(255,255,255,0.25);
}

.c6 {
  display: -webkit-box;
  display: -webkit-flex;
  display: -ms-flexbox;
  display: flex;
  -webkit-align-items: center;
  -webkit-box-align: center;
  -ms-flex-align: center;
  align-items: center;
  -webkit-box-pack: center;
  -webkit-justify-content: center;
  -ms-flex-pack: center;
  justify-content: center;
  height: 100%;
  padding: 0px 16px;
  position: absolute;
  pointer-events: none;
}

.c7 {
  display: none;
}

.c8 {
  display: -webkit-box;
  display: -webkit-flex;
  display: -ms-flexbox;
  display: flex;
}

@media (min-width:600px) {
  .c4 {
    display: block;
  }
}

@media (min-width:600px) {
  .c5 {
    width: auto;
    margin-left: 24px;
  }
}

@media (min-width:960px) {
  .c7 {
    display: -webkit-box;
    display: -webkit-flex;
    display: -ms-flexbox;
    display: flex;
  }
}

@media (min-width:960px) {
  .c8 {
    display: none;
  }
}

<div
  class="c0"
>
  <header
    class="MuiPaper-root MuiAppBar-root MuiAppBar-positionStatic MuiAppBar-colorPrimary MuiPaper-elevation4"
  >
    <div
      class="MuiToolbar-root MuiToolbar-regular c1 MuiToolbar-gutters"
    >
      <div
        class="c2"
      >
        <button
          aria-label="Open drawer"
          class="MuiButtonBase-root MuiIconButton-root c3 MuiIconButton-colorInherit MuiIconButton-edgeStart"
          tabindex="0"
          type="button"
        >
          <span
            class="MuiIconButton-label"
          >
            <svg
              aria-hidden="true"
              class="MuiSvgIcon-root"
              focusable="false"
              viewBox="0 0 24 24"
            >
              <path
                d="M3 18h18v-2H3v2zm0-5h18v-2H3v2zm0-7v2h18V6H3z"
              />
            </svg>
          </span>
          <span
            class="MuiTouchRipple-root"
          />
        </button>
        <h6
          class="MuiTypography-root c4 MuiTypography-h6 MuiTypography-noWrap"
        />
      </div>
      <div
        class="c5"
      >
        <div
          class="c6"
        >
          <svg
            aria-hidden="true"
            class="MuiSvgIcon-root"
            focusable="false"
            viewBox="0 0 24 24"
          >
            <path
              d="M15.5 14h-.79l-.28-.27C15.41 12.59 16 11.11 16 9.5 16 5.91 13.09 3 9.5 3S3 5.91 3 9.5 5.91 16 9.5 16c1.61 0 3.09-.59 4.23-1.57l.27.28v.79l5 4.99L20.49 19l-4.99-5zm-6 0C7.01 14 5 11.99 5 9.5S7.01 5 9.5 5 14 7.01 14 9.5 11.99 14 9.5 14z"
            />
          </svg>
        </div>
        <div
          class="MuiInputBase-root makeStyles-inputRoot"
        >
          <input
            aria-label="search"
            class="MuiInputBase-input makeStyles-inputInput"
            placeholder="Searchâ€¦"
            type="text"
            value=""
          />
        </div>
      </div>
      <div
        class="c7"
      >
        <button
          aria-label="show 4 new mails"
          class="MuiButtonBase-root MuiIconButton-root MuiIconButton-colorInherit"
          tabindex="0"
          type="button"
        >
          <span
            class="MuiIconButton-label"
          >
            <span
              class="MuiBadge-root"
            >
              <svg
                aria-hidden="true"
                class="MuiSvgIcon-root"
                focusable="false"
                viewBox="0 0 24 24"
              >
                <path
                  d="M20 4H4c-1.1 0-1.99.9-1.99 2L2 18c0 1.1.9 2 2 2h16c1.1 0 2-.9 2-2V6c0-1.1-.9-2-2-2zm0 4l-8 5-8-5V6l8 5 8-5v2z"
                />
              </svg>
              <span
                class="MuiBadge-badge MuiBadge-anchorOriginTopRightRectangle MuiBadge-colorSecondary"
              >
                4
              </span>
            </span>
          </span>
          <span
            class="MuiTouchRipple-root"
          />
        </button>
        <button
          aria-label="show 17 new notifications"
          class="MuiButtonBase-root MuiIconButton-root MuiIconButton-colorInherit"
          tabindex="0"
          type="button"
        >
          <span
            class="MuiIconButton-label"
          >
            <span
              class="MuiBadge-root"
            >
              <svg
                aria-hidden="true"
                class="MuiSvgIcon-root"
                focusable="false"
                viewBox="0 0 24 24"
              >
                <path
                  d="M12 22c1.1 0 2-.9 2-2h-4c0 1.1.89 2 2 2zm6-6v-5c0-3.07-1.64-5.64-4.5-6.32V4c0-.83-.67-1.5-1.5-1.5s-1.5.67-1.5 1.5v.68C7.63 5.36 6 7.92 6 11v5l-2 2v1h16v-1l-2-2z"
                />
              </svg>
              <span
                class="MuiBadge-badge MuiBadge-anchorOriginTopRightRectangle MuiBadge-colorSecondary"
              >
                17
              </span>
            </span>
          </span>
          <span
            class="MuiTouchRipple-root"
          />
        </button>
        <button
          aria-controls="primary-search-account-menu"
          aria-haspopup="true"
          aria-label="account of current user"
          class="MuiButtonBase-root MuiIconButton-root MuiIconButton-colorInherit MuiIconButton-edgeEnd"
          tabindex="0"
          type="button"
        >
          <span
            class="MuiIconButton-label"
          >
            <svg
              aria-hidden="true"
              class="MuiSvgIcon-root"
              focusable="false"
              viewBox="0 0 24 24"
            >
              <path
                d="M12 2C6.48 2 2 6.48 2 12s4.48 10 10 10 10-4.48 10-10S17.52 2 12 2zm0 3c1.66 0 3 1.34 3 3s-1.34 3-3 3-3-1.34-3-3 1.34-3 3-3zm0 14.2c-2.5 0-4.71-1.28-6-3.22.03-1.99 4-3.08 6-3.08 1.99 0 5.97 1.09 6 3.08-1.29 1.94-3.5 3.22-6 3.22z"
              />
            </svg>
          </span>
          <span
            class="MuiTouchRipple-root"
          />
        </button>
      </div>
      <div
        class="c8"
      >
        <button
          aria-controls="primary-search-account-menu-mobile"
          aria-haspopup="true"
          aria-label="show more"
          class="MuiButtonBase-root MuiIconButton-root MuiIconButton-colorInherit"
          tabindex="0"
          type="button"
        >
          <span
            class="MuiIconButton-label"
          >
            <svg
              aria-hidden="true"
              class="MuiSvgIcon-root"
              focusable="false"
              viewBox="0 0 24 24"
            >
              <path
                d="M12 8c1.1 0 2-.9 2-2s-.9-2-2-2-2 .9-2 2 .9 2 2 2zm0 2c-1.1 0-2 .9-2 2s.9 2 2 2 2-.9 2-2-.9-2-2-2zm0 6c-1.1 0-2 .9-2 2s.9 2 2 2 2-.9 2-2-.9-2-2-2z"
              />
            </svg>
          </span>
          <span
            class="MuiTouchRipple-root"
          />
        </button>
      </div>
    </div>
  </header>
</div>
`
